Command line invocation:
    /Applications/Xcode.app/Contents/Developer/usr/bin/xcodebuild -project ios/build/sumahohikakuku.xcodeproj -scheme sumahohikakuku -sdk iphonesimulator -configuration Debug build

Build settings from command line:
    SDKROOT = iphonesimulator26.5

2026-05-20 19:59:59.735 xcodebuild[81241:456636] [MT] IDERunDestination: Supported platforms for the buildables in the current scheme is empty.
--- xcodebuild: WARNING: Using the first of multiple matching destinations:
{ platform:macOS, arch:arm64, id:00008112-001C70881E45401E, name:My Mac }
{ platform:macOS, name:Any Mac }
ComputePackagePrebuildTargetDependencyGraph

CreateBuildRequest

SendProjectDescription

CreateBuildOperation

ComputeTargetDependencyGraph
note: Building targets in dependency order
note: Target dependency graph (2 targets)
    Target 'sumahohikakuku' in project 'sumahohikakuku'
        ➜ Explicit dependency on target 'ZERO_CHECK' in project 'sumahohikakuku'
    Target 'ZERO_CHECK' in project 'sumahohikakuku' (no dependencies)

GatherProvisioningInputs

CreateBuildDescription

ExecuteExternalTool /Applications/Xcode.app/Contents/Developer/Toolchains/XcodeDefault.xctoolchain/usr/bin/clang -v -E -dM -isysroot /Applications/Xcode.app/Contents/Developer/Platforms/iPhoneSimulator.platform/Developer/SDKs/iPhoneSimulator26.5.sdk -x c -c /dev/null

ExecuteExternalTool /Applications/Xcode.app/Contents/Developer/Toolchains/XcodeDefault.xctoolchain/usr/bin/swiftc --version

ExecuteExternalTool /Applications/Xcode.app/Contents/Developer/Toolchains/XcodeDefault.xctoolchain/usr/bin/ld -version_details

Build description signature: fd423e52df48e6abadb78110136927e3
Build description path: /Users/porari/kaihatu/cross/privasmo/ios/build/build/XCBuildData/fd423e52df48e6abadb78110136927e3.xcbuilddata
ClangStatCache /Applications/Xcode.app/Contents/Developer/Toolchains/XcodeDefault.xctoolchain/usr/bin/clang-stat-cache /Applications/Xcode.app/Contents/Developer/Platforms/iPhoneSimulator.platform/Developer/SDKs/iPhoneSimulator26.5.sdk /Users/porari/Library/Developer/Xcode/DerivedData/SDKStatCaches.noindex/iphonesimulator26.5-23F73-6cfe768891a92b912361537c460fe42b.sdkstatcache
    cd /Users/porari/kaihatu/cross/privasmo/ios/build/sumahohikakuku.xcodeproj
    /Applications/Xcode.app/Contents/Developer/Toolchains/XcodeDefault.xctoolchain/usr/bin/clang-stat-cache /Applications/Xcode.app/Contents/Developer/Platforms/iPhoneSimulator.platform/Developer/SDKs/iPhoneSimulator26.5.sdk -o /Users/porari/Library/Developer/Xcode/DerivedData/SDKStatCaches.noindex/iphonesimulator26.5-23F73-6cfe768891a92b912361537c460fe42b.sdkstatcache

PhaseScriptExecution Generate\ CMakeFiles/ZERO_CHECK /Users/porari/kaihatu/cross/privasmo/ios/build/build/sumahohikakuku.build/Debug-iphonesimulator/ZERO_CHECK.build/Script-D48CDD245A2A79697C428945.sh (in target 'ZERO_CHECK' from project 'sumahohikakuku')
    cd /Users/porari/kaihatu/cross/privasmo/ios
    /bin/sh -c /Users/porari/kaihatu/cross/privasmo/ios/build/build/sumahohikakuku.build/Debug-iphonesimulator/ZERO_CHECK.build/Script-D48CDD245A2A79697C428945.sh
make: `/Users/porari/kaihatu/cross/privasmo/ios/build/CMakeFiles/cmake.check_cache' is up to date.

SwiftDriver sumahohikakuku normal arm64 com.apple.xcode.tools.swift.compiler (in target 'sumahohikakuku' from project 'sumahohikakuku')
    cd /Users/porari/kaihatu/cross/privasmo/ios
    builtin-SwiftDriver -- /Applications/Xcode.app/Contents/Developer/Toolchains/XcodeDefault.xctoolchain/usr/bin/swiftc -module-name sumahohikakuku -O @/Users/porari/kaihatu/cross/privasmo/ios/build/build/sumahohikakuku.build/Debug-iphonesimulator/Objects-normal/arm64/sumahohikakuku.SwiftFileList -Onone -swift-version 5.0 -enable-bare-slash-regex -enable-experimental-feature DebugDescriptionMacro -sdk /Applications/Xcode.app/Contents/Developer/Platforms/iPhoneSimulator.platform/Developer/SDKs/iPhoneSimulator26.5.sdk -target arm64-apple-ios16.0-simulator -g -module-cache-path /Users/porari/Library/Developer/Xcode/DerivedData/ModuleCache.noindex -Xfrontend -serialize-debugging-options -Xcc -D_LIBCPP_HARDENING_MODE\=_LIBCPP_HARDENING_MODE_DEBUG -swift-version 5 -I /Users/porari/kaihatu/cross/privasmo/ios/build/Debug -F /Users/porari/kaihatu/cross/privasmo/ios/build/Debug -c -j8 -enable-batch-mode -incremental -Xcc -ivfsstatcache -Xcc /Users/porari/Library/Developer/Xcode/DerivedData/SDKStatCaches.noindex/iphonesimulator26.5-23F73-6cfe768891a92b912361537c460fe42b.sdkstatcache -output-file-map /Users/porari/kaihatu/cross/privasmo/ios/build/build/sumahohikakuku.build/Debug-iphonesimulator/Objects-normal/arm64/sumahohikakuku-OutputFileMap.json -use-frontend-parseable-output -save-temps -no-color-diagnostics -explicit-module-build -module-cache-path /Users/porari/kaihatu/cross/privasmo/ios/build/build/SwiftExplicitPrecompiledModules -clang-scanner-module-cache-path /Users/porari/Library/Developer/Xcode/DerivedData/ModuleCache.noindex -sdk-module-cache-path /Users/porari/Library/Developer/Xcode/DerivedData/ModuleCache.noindex -serialize-diagnostics -emit-dependencies -emit-module -emit-module-path /Users/porari/kaihatu/cross/privasmo/ios/build/build/sumahohikakuku.build/Debug-iphonesimulator/Objects-normal/arm64/sumahohikakuku.swiftmodule -validate-clang-modules-once -clang-build-session-file /Users/porari/Library/Developer/Xcode/DerivedData/ModuleCache.noindex/Session.modulevalidation -Xcc -I/Users/porari/kaihatu/cross/privasmo/ios/build/build/sumahohikakuku.build/Debug-iphonesimulator/swift-overrides.hmap -emit-const-values -Xfrontend -const-gather-protocols-file -Xfrontend /Users/porari/kaihatu/cross/privasmo/ios/build/build/sumahohikakuku.build/Debug-iphonesimulator/Objects-normal/arm64/sumahohikakuku_const_extract_protocols.json -Xcc -I/Users/porari/kaihatu/cross/privasmo/ios/build/Debug/include -Xcc -I/Users/porari/kaihatu/cross/privasmo/ios/build/build/sumahohikakuku.build/Debug-iphonesimulator/DerivedSources-normal/arm64 -Xcc -I/Users/porari/kaihatu/cross/privasmo/ios/build/build/sumahohikakuku.build/Debug-iphonesimulator/DerivedSources/arm64 -Xcc -I/Users/porari/kaihatu/cross/privasmo/ios/build/build/sumahohikakuku.build/Debug-iphonesimulator/DerivedSources -Xcc -DCMAKE_INTDIR\=\"Debug-iphonesimulator\" -emit-objc-header -emit-objc-header-path /Users/porari/kaihatu/cross/privasmo/ios/build/build/sumahohikakuku.build/Debug-iphonesimulator/Objects-normal/arm64/sumahohikakuku-Swift.h -working-directory /Users/porari/kaihatu/cross/privasmo/ios -experimental-emit-module-separately -disable-cmo

ProcessInfoPlistFile /Users/porari/kaihatu/cross/privasmo/ios/build/Debug/sumahohikakuku.app/Info.plist /Users/porari/kaihatu/cross/privasmo/ios/build/CMakeFiles/sumahohikakuku.dir/Info.plist (in target 'sumahohikakuku' from project 'sumahohikakuku')
    cd /Users/porari/kaihatu/cross/privasmo/ios
    builtin-infoPlistUtility /Users/porari/kaihatu/cross/privasmo/ios/build/CMakeFiles/sumahohikakuku.dir/Info.plist -producttype com.apple.product-type.application -genpkginfo /Users/porari/kaihatu/cross/privasmo/ios/build/Debug/sumahohikakuku.app/PkgInfo -expandbuildsettings -format binary -platform iphonesimulator -o /Users/porari/kaihatu/cross/privasmo/ios/build/Debug/sumahohikakuku.app/Info.plist
/Users/porari/kaihatu/cross/privasmo/ios/build/sumahohikakuku.xcodeproj: warning: User-supplied CFBundleIdentifier value 'com.porarrirr.sumahohikakuku' in the Info.plist must be the same as the PRODUCT_BUNDLE_IDENTIFIER build setting value ''. (in target 'sumahohikakuku' from project 'sumahohikakuku')

SwiftEmitModule normal arm64 Emitting\ module\ for\ sumahohikakuku (in target 'sumahohikakuku' from project 'sumahohikakuku')

EmitSwiftModule normal arm64 (in target 'sumahohikakuku' from project 'sumahohikakuku')
    cd /Users/porari/kaihatu/cross/privasmo/ios
    

SwiftCompile normal arm64 Compiling\ PresetSheetsView.swift /Users/porari/kaihatu/cross/privasmo/ios/src/UI/PresetSheetsView.swift (in target 'sumahohikakuku' from project 'sumahohikakuku')
SwiftCompile normal arm64 /Users/porari/kaihatu/cross/privasmo/ios/src/UI/PresetSheetsView.swift (in target 'sumahohikakuku' from project 'sumahohikakuku')
    cd /Users/porari/kaihatu/cross/privasmo/ios
    

SwiftDriverJobDiscovery normal arm64 Emitting module for sumahohikakuku (in target 'sumahohikakuku' from project 'sumahohikakuku')

SwiftDriver\ Compilation\ Requirements sumahohikakuku normal arm64 com.apple.xcode.tools.swift.compiler (in target 'sumahohikakuku' from project 'sumahohikakuku')
    cd /Users/porari/kaihatu/cross/privasmo/ios
    builtin-Swift-Compilation-Requirements -- /Applications/Xcode.app/Contents/Developer/Toolchains/XcodeDefault.xctoolchain/usr/bin/swiftc -module-name sumahohikakuku -O @/Users/porari/kaihatu/cross/privasmo/ios/build/build/sumahohikakuku.build/Debug-iphonesimulator/Objects-normal/arm64/sumahohikakuku.SwiftFileList -Onone -swift-version 5.0 -enable-bare-slash-regex -enable-experimental-feature DebugDescriptionMacro -sdk /Applications/Xcode.app/Contents/Developer/Platforms/iPhoneSimulator.platform/Developer/SDKs/iPhoneSimulator26.5.sdk -target arm64-apple-ios16.0-simulator -g -module-cache-path /Users/porari/Library/Developer/Xcode/DerivedData/ModuleCache.noindex -Xfrontend -serialize-debugging-options -Xcc -D_LIBCPP_HARDENING_MODE\=_LIBCPP_HARDENING_MODE_DEBUG -swift-version 5 -I /Users/porari/kaihatu/cross/privasmo/ios/build/Debug -F /Users/porari/kaihatu/cross/privasmo/ios/build/Debug -c -j8 -enable-batch-mode -incremental -Xcc -ivfsstatcache -Xcc /Users/porari/Library/Developer/Xcode/DerivedData/SDKStatCaches.noindex/iphonesimulator26.5-23F73-6cfe768891a92b912361537c460fe42b.sdkstatcache -output-file-map /Users/porari/kaihatu/cross/privasmo/ios/build/build/sumahohikakuku.build/Debug-iphonesimulator/Objects-normal/arm64/sumahohikakuku-OutputFileMap.json -use-frontend-parseable-output -save-temps -no-color-diagnostics -explicit-module-build -module-cache-path /Users/porari/kaihatu/cross/privasmo/ios/build/build/SwiftExplicitPrecompiledModules -clang-scanner-module-cache-path /Users/porari/Library/Developer/Xcode/DerivedData/ModuleCache.noindex -sdk-module-cache-path /Users/porari/Library/Developer/Xcode/DerivedData/ModuleCache.noindex -serialize-diagnostics -emit-dependencies -emit-module -emit-module-path /Users/porari/kaihatu/cross/privasmo/ios/build/build/sumahohikakuku.build/Debug-iphonesimulator/Objects-normal/arm64/sumahohikakuku.swiftmodule -validate-clang-modules-once -clang-build-session-file /Users/porari/Library/Developer/Xcode/DerivedData/ModuleCache.noindex/Session.modulevalidation -Xcc -I/Users/porari/kaihatu/cross/privasmo/ios/build/build/sumahohikakuku.build/Debug-iphonesimulator/swift-overrides.hmap -emit-const-values -Xfrontend -const-gather-protocols-file -Xfrontend /Users/porari/kaihatu/cross/privasmo/ios/build/build/sumahohikakuku.build/Debug-iphonesimulator/Objects-normal/arm64/sumahohikakuku_const_extract_protocols.json -Xcc -I/Users/porari/kaihatu/cross/privasmo/ios/build/Debug/include -Xcc -I/Users/porari/kaihatu/cross/privasmo/ios/build/build/sumahohikakuku.build/Debug-iphonesimulator/DerivedSources-normal/arm64 -Xcc -I/Users/porari/kaihatu/cross/privasmo/ios/build/build/sumahohikakuku.build/Debug-iphonesimulator/DerivedSources/arm64 -Xcc -I/Users/porari/kaihatu/cross/privasmo/ios/build/build/sumahohikakuku.build/Debug-iphonesimulator/DerivedSources -Xcc -DCMAKE_INTDIR\=\"Debug-iphonesimulator\" -emit-objc-header -emit-objc-header-path /Users/porari/kaihatu/cross/privasmo/ios/build/build/sumahohikakuku.build/Debug-iphonesimulator/Objects-normal/arm64/sumahohikakuku-Swift.h -working-directory /Users/porari/kaihatu/cross/privasmo/ios -experimental-emit-module-separately -disable-cmo

Copy /Users/porari/kaihatu/cross/privasmo/ios/build/Debug/sumahohikakuku.swiftmodule/Project/arm64-apple-ios-simulator.swiftsourceinfo /Users/porari/kaihatu/cross/privasmo/ios/build/build/sumahohikakuku.build/Debug-iphonesimulator/Objects-normal/arm64/sumahohikakuku.swiftsourceinfo (in target 'sumahohikakuku' from project 'sumahohikakuku')
    cd /Users/porari/kaihatu/cross/privasmo/ios
    builtin-copy -exclude .DS_Store -exclude CVS -exclude .svn -exclude .git -exclude .hg -strip-unsigned-binaries -strip-deterministic -strip-tool /Applications/Xcode.app/Contents/Developer/Toolchains/XcodeDefault.xctoolchain/usr/bin/strip -resolve-src-symlinks -rename /Users/porari/kaihatu/cross/privasmo/ios/build/build/sumahohikakuku.build/Debug-iphonesimulator/Objects-normal/arm64/sumahohikakuku.swiftsourceinfo /Users/porari/kaihatu/cross/privasmo/ios/build/Debug/sumahohikakuku.swiftmodule/Project/arm64-apple-ios-simulator.swiftsourceinfo

Copy /Users/porari/kaihatu/cross/privasmo/ios/build/Debug/sumahohikakuku.swiftmodule/arm64-apple-ios-simulator.swiftmodule /Users/porari/kaihatu/cross/privasmo/ios/build/build/sumahohikakuku.build/Debug-iphonesimulator/Objects-normal/arm64/sumahohikakuku.swiftmodule (in target 'sumahohikakuku' from project 'sumahohikakuku')
    cd /Users/porari/kaihatu/cross/privasmo/ios
    builtin-copy -exclude .DS_Store -exclude CVS -exclude .svn -exclude .git -exclude .hg -strip-unsigned-binaries -strip-deterministic -strip-tool /Applications/Xcode.app/Contents/Developer/Toolchains/XcodeDefault.xctoolchain/usr/bin/strip -resolve-src-symlinks -rename /Users/porari/kaihatu/cross/privasmo/ios/build/build/sumahohikakuku.build/Debug-iphonesimulator/Objects-normal/arm64/sumahohikakuku.swiftmodule /Users/porari/kaihatu/cross/privasmo/ios/build/Debug/sumahohikakuku.swiftmodule/arm64-apple-ios-simulator.swiftmodule

Copy /Users/porari/kaihatu/cross/privasmo/ios/build/Debug/sumahohikakuku.swiftmodule/arm64-apple-ios-simulator.abi.json /Users/porari/kaihatu/cross/privasmo/ios/build/build/sumahohikakuku.build/Debug-iphonesimulator/Objects-normal/arm64/sumahohikakuku.abi.json (in target 'sumahohikakuku' from project 'sumahohikakuku')
    cd /Users/porari/kaihatu/cross/privasmo/ios
    builtin-copy -exclude .DS_Store -exclude CVS -exclude .svn -exclude .git -exclude .hg -strip-unsigned-binaries -strip-deterministic -strip-tool /Applications/Xcode.app/Contents/Developer/Toolchains/XcodeDefault.xctoolchain/usr/bin/strip -resolve-src-symlinks -rename /Users/porari/kaihatu/cross/privasmo/ios/build/build/sumahohikakuku.build/Debug-iphonesimulator/Objects-normal/arm64/sumahohikakuku.abi.json /Users/porari/kaihatu/cross/privasmo/ios/build/Debug/sumahohikakuku.swiftmodule/arm64-apple-ios-simulator.abi.json

SwiftDriverJobDiscovery normal arm64 Compiling PresetSheetsView.swift (in target 'sumahohikakuku' from project 'sumahohikakuku')

SwiftCompile normal arm64 Compiling\ SensorComparisonScreen.swift /Users/porari/kaihatu/cross/privasmo/ios/src/UI/SensorComparisonScreen.swift (in target 'sumahohikakuku' from project 'sumahohikakuku')

SwiftCompile normal arm64 /Users/porari/kaihatu/cross/privasmo/ios/src/UI/SensorComparisonScreen.swift (in target 'sumahohikakuku' from project 'sumahohikakuku')
    cd /Users/porari/kaihatu/cross/privasmo/ios
    

SwiftDriverJobDiscovery normal arm64 Compiling SensorComparisonScreen.swift (in target 'sumahohikakuku' from project 'sumahohikakuku')

SwiftDriver\ Compilation sumahohikakuku normal arm64 com.apple.xcode.tools.swift.compiler (in target 'sumahohikakuku' from project 'sumahohikakuku')
    cd /Users/porari/kaihatu/cross/privasmo/ios
    builtin-Swift-Compilation -- /Applications/Xcode.app/Contents/Developer/Toolchains/XcodeDefault.xctoolchain/usr/bin/swiftc -module-name sumahohikakuku -O @/Users/porari/kaihatu/cross/privasmo/ios/build/build/sumahohikakuku.build/Debug-iphonesimulator/Objects-normal/arm64/sumahohikakuku.SwiftFileList -Onone -swift-version 5.0 -enable-bare-slash-regex -enable-experimental-feature DebugDescriptionMacro -sdk /Applications/Xcode.app/Contents/Developer/Platforms/iPhoneSimulator.platform/Developer/SDKs/iPhoneSimulator26.5.sdk -target arm64-apple-ios16.0-simulator -g -module-cache-path /Users/porari/Library/Developer/Xcode/DerivedData/ModuleCache.noindex -Xfrontend -serialize-debugging-options -Xcc -D_LIBCPP_HARDENING_MODE\=_LIBCPP_HARDENING_MODE_DEBUG -swift-version 5 -I /Users/porari/kaihatu/cross/privasmo/ios/build/Debug -F /Users/porari/kaihatu/cross/privasmo/ios/build/Debug -c -j8 -enable-batch-mode -incremental -Xcc -ivfsstatcache -Xcc /Users/porari/Library/Developer/Xcode/DerivedData/SDKStatCaches.noindex/iphonesimulator26.5-23F73-6cfe768891a92b912361537c460fe42b.sdkstatcache -output-file-map /Users/porari/kaihatu/cross/privasmo/ios/build/build/sumahohikakuku.build/Debug-iphonesimulator/Objects-normal/arm64/sumahohikakuku-OutputFileMap.json -use-frontend-parseable-output -save-temps -no-color-diagnostics -explicit-module-build -module-cache-path /Users/porari/kaihatu/cross/privasmo/ios/build/build/SwiftExplicitPrecompiledModules -clang-scanner-module-cache-path /Users/porari/Library/Developer/Xcode/DerivedData/ModuleCache.noindex -sdk-module-cache-path /Users/porari/Library/Developer/Xcode/DerivedData/ModuleCache.noindex -serialize-diagnostics -emit-dependencies -emit-module -emit-module-path /Users/porari/kaihatu/cross/privasmo/ios/build/build/sumahohikakuku.build/Debug-iphonesimulator/Objects-normal/arm64/sumahohikakuku.swiftmodule -validate-clang-modules-once -clang-build-session-file /Users/porari/Library/Developer/Xcode/DerivedData/ModuleCache.noindex/Session.modulevalidation -Xcc -I/Users/porari/kaihatu/cross/privasmo/ios/build/build/sumahohikakuku.build/Debug-iphonesimulator/swift-overrides.hmap -emit-const-values -Xfrontend -const-gather-protocols-file -Xfrontend /Users/porari/kaihatu/cross/privasmo/ios/build/build/sumahohikakuku.build/Debug-iphonesimulator/Objects-normal/arm64/sumahohikakuku_const_extract_protocols.json -Xcc -I/Users/porari/kaihatu/cross/privasmo/ios/build/Debug/include -Xcc -I/Users/porari/kaihatu/cross/privasmo/ios/build/build/sumahohikakuku.build/Debug-iphonesimulator/DerivedSources-normal/arm64 -Xcc -I/Users/porari/kaihatu/cross/privasmo/ios/build/build/sumahohikakuku.build/Debug-iphonesimulator/DerivedSources/arm64 -Xcc -I/Users/porari/kaihatu/cross/privasmo/ios/build/build/sumahohikakuku.build/Debug-iphonesimulator/DerivedSources -Xcc -DCMAKE_INTDIR\=\"Debug-iphonesimulator\" -emit-objc-header -emit-objc-header-path /Users/porari/kaihatu/cross/privasmo/ios/build/build/sumahohikakuku.build/Debug-iphonesimulator/Objects-normal/arm64/sumahohikakuku-Swift.h -working-directory /Users/porari/kaihatu/cross/privasmo/ios -experimental-emit-module-separately -disable-cmo

Ld /Users/porari/kaihatu/cross/privasmo/ios/build/Debug/sumahohikakuku.app/sumahohikakuku normal (in target 'sumahohikakuku' from project 'sumahohikakuku')
    cd /Users/porari/kaihatu/cross/privasmo/ios
    /Applications/Xcode.app/Contents/Developer/Toolchains/XcodeDefault.xctoolchain/usr/bin/clang -Xlinker -reproducible -target arm64-apple-ios16.0-simulator -isysroot /Applications/Xcode.app/Contents/Developer/Platforms/iPhoneSimulator.platform/Developer/SDKs/iPhoneSimulator26.5.sdk -O0 -L/Users/porari/kaihatu/cross/privasmo/ios/build/build/EagerLinkingTBDs/Debug-iphonesimulator -L/Users/porari/kaihatu/cross/privasmo/ios/build/Debug -F/Users/porari/kaihatu/cross/privasmo/ios/build/build/EagerLinkingTBDs/Debug-iphonesimulator -F/Users/porari/kaihatu/cross/privasmo/ios/build/Debug -filelist /Users/porari/kaihatu/cross/privasmo/ios/build/build/sumahohikakuku.build/Debug-iphonesimulator/Objects-normal/arm64/sumahohikakuku.LinkFileList -Xlinker -rpath -Xlinker /usr/lib/swift -Xlinker -dead_strip -Xlinker -object_path_lto -Xlinker /Users/porari/kaihatu/cross/privasmo/ios/build/build/sumahohikakuku.build/Debug-iphonesimulator/Objects-normal/arm64/sumahohikakuku_lto.o -Xlinker -no_deduplicate -Xlinker -objc_abi_version -Xlinker 2 -Xlinker -dependency_info -Xlinker /Users/porari/kaihatu/cross/privasmo/ios/build/build/sumahohikakuku.build/Debug-iphonesimulator/Objects-normal/arm64/sumahohikakuku_dependency_info.dat -fobjc-link-runtime -L/Applications/Xcode.app/Contents/Developer/Toolchains/XcodeDefault.xctoolchain/usr/lib/swift/iphonesimulator -L/usr/lib/swift -Xlinker -add_ast_path -Xlinker /Users/porari/kaihatu/cross/privasmo/ios/build/build/sumahohikakuku.build/Debug-iphonesimulator/Objects-normal/arm64/sumahohikakuku.swiftmodule @/Users/porari/kaihatu/cross/privasmo/ios/build/build/sumahohikakuku.build/Debug-iphonesimulator/Objects-normal/arm64/sumahohikakuku-linker-args.resp -o /Users/porari/kaihatu/cross/privasmo/ios/build/Debug/sumahohikakuku.app/sumahohikakuku

CopySwiftLibs /Users/porari/kaihatu/cross/privasmo/ios/build/Debug/sumahohikakuku.app (in target 'sumahohikakuku' from project 'sumahohikakuku')
    cd /Users/porari/kaihatu/cross/privasmo/ios
    builtin-swiftStdLibTool --copy --verbose --scan-executable /Users/porari/kaihatu/cross/privasmo/ios/build/Debug/sumahohikakuku.app/sumahohikakuku --scan-folder /Users/porari/kaihatu/cross/privasmo/ios/build/Debug/sumahohikakuku.app/Frameworks --scan-folder /Users/porari/kaihatu/cross/privasmo/ios/build/Debug/sumahohikakuku.app/PlugIns --scan-folder /Users/porari/kaihatu/cross/privasmo/ios/build/Debug/sumahohikakuku.app/SystemExtensions --scan-folder /Users/porari/kaihatu/cross/privasmo/ios/build/Debug/sumahohikakuku.app/Extensions --platform iphonesimulator --toolchain /Applications/Xcode.app/Contents/Developer/Toolchains/XcodeDefault.xctoolchain --destination /Users/porari/kaihatu/cross/privasmo/ios/build/Debug/sumahohikakuku.app/Frameworks --strip-bitcode --strip-bitcode-tool /Applications/Xcode.app/Contents/Developer/Toolchains/XcodeDefault.xctoolchain/usr/bin/bitcode_strip --emit-dependency-info /Users/porari/kaihatu/cross/privasmo/ios/build/build/sumahohikakuku.build/Debug-iphonesimulator/SwiftStdLibToolInputDependencies.dep --filter-for-swift-os --back-deploy-swift-span
Ignoring --strip-bitcode because --sign was not passed

ExtractAppIntentsMetadata (in target 'sumahohikakuku' from project 'sumahohikakuku')
    cd /Users/porari/kaihatu/cross/privasmo/ios
    /Applications/Xcode.app/Contents/Developer/Toolchains/XcodeDefault.xctoolchain/usr/bin/appintentsmetadataprocessor --toolchain-dir /Applications/Xcode.app/Contents/Developer/Toolchains/XcodeDefault.xctoolchain --module-name sumahohikakuku --sdk-root /Applications/Xcode.app/Contents/Developer/Platforms/iPhoneSimulator.platform/Developer/SDKs/iPhoneSimulator26.5.sdk --xcode-version 17F42 --platform-family iOS --deployment-target 16.0 --output /Users/porari/kaihatu/cross/privasmo/ios/build/Debug/sumahohikakuku.app --target-triple arm64-apple-ios16.0-simulator --binary-file /Users/porari/kaihatu/cross/privasmo/ios/build/Debug/sumahohikakuku.app/sumahohikakuku --dependency-file /Users/porari/kaihatu/cross/privasmo/ios/build/build/sumahohikakuku.build/Debug-iphonesimulator/Objects-normal/arm64/sumahohikakuku_dependency_info.dat --stringsdata-file /Users/porari/kaihatu/cross/privasmo/ios/build/build/sumahohikakuku.build/Debug-iphonesimulator/Objects-normal/arm64/ExtractedAppShortcutsMetadata.stringsdata --source-file-list /Users/porari/kaihatu/cross/privasmo/ios/build/build/sumahohikakuku.build/Debug-iphonesimulator/Objects-normal/arm64/sumahohikakuku.SwiftFileList --metadata-file-list /Users/porari/kaihatu/cross/privasmo/ios/build/build/sumahohikakuku.build/Debug-iphonesimulator/sumahohikakuku.DependencyMetadataFileList --static-metadata-file-list /Users/porari/kaihatu/cross/privasmo/ios/build/build/sumahohikakuku.build/Debug-iphonesimulator/sumahohikakuku.DependencyStaticMetadataFileList --swift-const-vals-list /Users/porari/kaihatu/cross/privasmo/ios/build/build/sumahohikakuku.build/Debug-iphonesimulator/Objects-normal/arm64/sumahohikakuku.SwiftConstValuesFileList --compile-time-extraction --deployment-aware-processing --validate-assistant-intents --no-app-shortcuts-localization
2026-05-20 20:00:01.697 appintentsmetadataprocessor[81259:456814] Starting appintentsmetadataprocessor export
2026-05-20 20:00:01.701 appintentsmetadataprocessor[81259:456814] warning: Metadata extraction skipped. No AppIntents.framework dependency found.

GenerateDSYMFile /Users/porari/kaihatu/cross/privasmo/ios/build/Debug/sumahohikakuku.app.dSYM /Users/porari/kaihatu/cross/privasmo/ios/build/Debug/sumahohikakuku.app/sumahohikakuku (in target 'sumahohikakuku' from project 'sumahohikakuku')
    cd /Users/porari/kaihatu/cross/privasmo/ios
    /Applications/Xcode.app/Contents/Developer/Toolchains/XcodeDefault.xctoolchain/usr/bin/dsymutil /Users/porari/kaihatu/cross/privasmo/ios/build/Debug/sumahohikakuku.app/sumahohikakuku -o /Users/porari/kaihatu/cross/privasmo/ios/build/Debug/sumahohikakuku.app.dSYM

AppIntentsSSUTraining (in target 'sumahohikakuku' from project 'sumahohikakuku')
    cd /Users/porari/kaihatu/cross/privasmo/ios
    /Applications/Xcode.app/Contents/Developer/Toolchains/XcodeDefault.xctoolchain/usr/bin/appintentsnltrainingprocessor --infoplist-path /Users/porari/kaihatu/cross/privasmo/ios/build/Debug/sumahohikakuku.app/Info.plist --temp-dir-path /Users/porari/kaihatu/cross/privasmo/ios/build/build/sumahohikakuku.build/Debug-iphonesimulator/ssu --bundle-id  --product-path /Users/porari/kaihatu/cross/privasmo/ios/build/Debug/sumahohikakuku.app --extracted-metadata-path /Users/porari/kaihatu/cross/privasmo/ios/build/Debug/sumahohikakuku.app/Metadata.appintents --metadata-file-list /Users/porari/kaihatu/cross/privasmo/ios/build/build/sumahohikakuku.build/Debug-iphonesimulator/sumahohikakuku.DependencyMetadataFileList --source-file /Users/porari/kaihatu/cross/privasmo/ios/build/Debug/sumahohikakuku.app/Info.plist --archive-ssu-assets
2026-05-20 20:00:01.721 appintentsnltrainingprocessor[81261:456816] Parsing options for appintentsnltrainingprocessor
2026-05-20 20:00:01.721 appintentsnltrainingprocessor[81261:456816] Starting AppIntents SSU YAML Generation
2026-05-20 20:00:01.724 appintentsnltrainingprocessor[81261:456816] No AppShortcuts found - Skipping.

RegisterExecutionPolicyException /Users/porari/kaihatu/cross/privasmo/ios/build/Debug/sumahohikakuku.app (in target 'sumahohikakuku' from project 'sumahohikakuku')
    cd /Users/porari/kaihatu/cross/privasmo/ios
    builtin-RegisterExecutionPolicyException /Users/porari/kaihatu/cross/privasmo/ios/build/Debug/sumahohikakuku.app

Validate /Users/porari/kaihatu/cross/privasmo/ios/build/Debug/sumahohikakuku.app (in target 'sumahohikakuku' from project 'sumahohikakuku')
    cd /Users/porari/kaihatu/cross/privasmo/ios
    builtin-validationUtility /Users/porari/kaihatu/cross/privasmo/ios/build/Debug/sumahohikakuku.app -shallow-bundle -infoplist-subpath Info.plist

Touch /Users/porari/kaihatu/cross/privasmo/ios/build/Debug/sumahohikakuku.app (in target 'sumahohikakuku' from project 'sumahohikakuku')
    cd /Users/porari/kaihatu/cross/privasmo/ios
    /usr/bin/touch -c /Users/porari/kaihatu/cross/privasmo/ios/build/Debug/sumahohikakuku.app

note: Run script build phase 'Generate CMakeFiles/ZERO_CHECK' will be run during every build because the option to run the script phase "Based on dependency analysis" is unchecked. (in target 'ZERO_CHECK' from project 'sumahohikakuku')
** BUILD SUCCEEDED **

